   1:	0000  31FFFF  		LD SP,65535
   2:			
   3:	0003  110700  		LD DE, 7
   4:	0006  D5      		PUSH DE
   5:	0007  110900  		LD  DE, 9
   6:	000A  D5      		PUSH DE
   7:	000B  CD0F00  		CALL mul8
   8:			
   9:	000E  76      		HALT
  10:			
  11:	000F          	mul8:
  12:				; something tells me this can be done better :)
  13:	000F  210000  		LD HL,0
  14:	0012  39      		ADD HL,SP
  15:				
  16:	0013  3E00    		LD A,0
  17:				
  18:	0015  23      		INC HL
  19:	0016  23      		INC HL
  20:	0017  46      		LD B,(HL)
  21:				
  22:	0018  23      		INC HL
  23:	0019  23      		INC HL
  24:	001A  4E      		LD C,(HL)
  25:			
  26:				; handle C == 0
  27:				;CP C
  28:				;JP Z,done
  29:			
  30:	001B          	loop:
  31:	001B  80      		ADD A,B
  32:	001C  0D      		DEC C
  33:	001D  CA2300  		JP Z,done
  34:	0020  C31B00  		JP loop
  35:			
  36:	0023          	done:
  37:	0023  C9      		RET
**** code.z80 ****



Statistics:

     3	symbols
    36	bytes



Symbol Table:

done              23     mul8               f     
loop              1b     
